    ╭────────╮
[G] │ Review │ · Commits                                                                                     Tab switch
────┘        └──────────────────────────────────────────────────────────────────────────────────────────────────────────
╭ 📋  Code Review 2 files +4 -1  Hunk 1/2 ──────────────────────────────────────────────────────────────────────────────╮
│ 📁  Changed Files (2)    │∨ src/lib.rs   +1 • -1   [Modified]                                                         │
│▶ ▶ 📁  src (1)           │   1   fn main() {                                                                          │
│  [A] README.md          │   2 ▌     println!("old");                                                                 │
│                         │   2 ▌     println!("new");                                                                 │
│                         │   3   }                                                                                    │
│                         │∨ README.md   +3 • -0   [Added]                                                             │
│                         │   1 ▌ # Parity                                                                             │
│                         │   2 ▌                                                                                      │
│                         │   3 ▌ A fixture repo.                                                                      │
│                         │                                                                                            │
│                         │                                                                                            │
│                         │                                                                                            │
│                         │                                                                                            │
│                         │                                                                                            │
│                         │                                                                                            │
│                         │                                                                                            │
│                         │                                                                                            │
│                         │                                                                                            │
│                         │                                                                                            │
│                         │                                                                                            │
│                         │                                                                                            │
│                         │                                                                                            │
│                         │                                                                                            │
│                         │                                                                                            │
│                         │                                                                                            │
│                         │                                                                                            │
│                         │                                                                                            │
│                         │                                                                                            │
╰ ↑/↓ files j/k scroll n/N hunk Space toggle z expand e/E folders Tab tabs Esc back ───────────────────────────────────╯
╭──────────────────────────────────────────────────────────────────────────────────────────────────────────────────────╮
│✓ Working directory clean  │  ✓ Up to date  │  p push │ Esc back                                                      │
╰──────────────────────────────────────────────────────────────────────────────────────────────────────────────────────╯
