              ╭─────────╮
[G]  · Review │ Commits │                                                                                    Tab switch
──────────────┘         └───────────────────────────────────────────────────────────────────────────────────────────────
╭ 📜  Branch Commits────────────────────────────────────────────────────────────────────────────────────────────────────╮
│  c000730 commit number 73 - Ada Lovelace 2026-09-18                                                                  │
│  c000740 commit number 74 - Grace Hopper 2026-09-18                                                                  │
│  c000750 commit number 75 - Ada Lovelace 2026-09-18                                                                  │
│  c000760 commit number 76 - Grace Hopper 2026-09-18                                                                  │
│  c000770 commit number 77 - Ada Lovelace 2026-09-18                                                                  │
│  c000780 commit number 78 - Grace Hopper 2026-09-18                                                                  │
│  c000790 commit number 79 - Ada Lovelace 2026-09-18                                                                  │
│  c000800 commit number 80 - Grace Hopper 2026-09-18                                                                  │
│  c000810 commit number 81 - Ada Lovelace 2026-09-18                                                                  │
│  c000820 commit number 82 - Grace Hopper 2026-09-18                                                                  │
│  c000830 commit number 83 - Ada Lovelace 2026-09-18                                                                  │
│  c000840 commit number 84 - Grace Hopper 2026-09-18                                                                  │
│  c000850 commit number 85 - Ada Lovelace 2026-09-18                                                                  │
│  c000860 commit number 86 - Grace Hopper 2026-09-18                                                                  │
│  c000870 commit number 87 - Ada Lovelace 2026-09-18                                                                  │
│  c000880 commit number 88 - Grace Hopper 2026-09-18                                                                  │
│  c000890 commit number 89 - Ada Lovelace 2026-09-18                                                                  │
│  c000900 commit number 90 - Grace Hopper 2026-09-18                                                                  │
│  c000910 commit number 91 - Ada Lovelace 2026-09-18                                                                  │
│  c000920 commit number 92 - Grace Hopper 2026-09-18                                                                  │
│  c000930 commit number 93 - Ada Lovelace 2026-09-18                                                                  │
│  c000940 commit number 94 - Grace Hopper 2026-09-18                                                                  │
│  c000950 commit number 95 - Ada Lovelace 2026-09-18                                                                  │
│  c000960 commit number 96 - Grace Hopper 2026-09-18                                                                  │
│  c000970 commit number 97 - Ada Lovelace 2026-09-18                                                                  │
│  c000980 commit number 98 - Grace Hopper 2026-09-18                                                                  │
│  c000990 commit number 99 - Ada Lovelace 2026-09-18                                                                  │
│▶ c001000 commit number 100 - Grace Hopper 2026-09-18                                                                 │
╰──────────────────────────────────────────────────────────────────────────────────────────────────────────────────────╯
╭──────────────────────────────────────────────────────────────────────────────────────────────────────────────────────╮
│✓ Working directory clean  │  ✓ Up to date  │  p push │ Esc back                                                      │
╰──────────────────────────────────────────────────────────────────────────────────────────────────────────────────────╯
