╭ 📥  Inbox  100 unread─────────────────────────────────────────────────────────────────────────────────────────────────╮
│1 older entry not sent, 1 summary shortened                                                                           │
│● issue     1s New issue: the inbox reads the daemon                                                                  │
│○ comment   1s New comment on issue-7                                                                                 │
│● task      1s New issue: the release checklist for the desktop bundle, every step the human drives before the … [cut]│
│● task      1s Task queued: filler-0                                                                                  │
│● task      1s Task queued: filler-1                                                                                  │
│● task      1s Task queued: filler-2                                                                                  │
│● task      1s Task queued: filler-3                                                                                  │
│● task      1s Task queued: filler-4                                                                                  │
│● task      1s Task queued: filler-5                                                                                  │
│● task      1s Task queued: filler-6                                                                                  │
│● task      1s Task queued: filler-7                                                                                  │
│● task      1s Task queued: filler-8                                                                                  │
│● task      1s Task queued: filler-9                                                                                  │
│● task      1s Task queued: filler-10                                                                                 │
│● task      1s Task queued: filler-11                                                                                 │
│● task      1s Task queued: filler-12                                                                                 │
│● task      1s Task queued: filler-13                                                                                 │
│● task      1s Task queued: filler-14                                                                                 │
│● task      1s Task queued: filler-15                                                                                 │
│● task      1s Task queued: filler-16                                                                                 │
│● task      1s Task queued: filler-17                                                                                 │
│● task      1s Task queued: filler-18                                                                                 │
│● task      1s Task queued: filler-19                                                                                 │
│● task      1s Task queued: filler-20                                                                                 │
│● task      1s Task queued: filler-21                                                                                 │
│● task      1s Task queued: filler-22                                                                                 │
│● task      1s Task queued: filler-23                                                                                 │
│● task      1s Task queued: filler-24                                                                                 │
│● task      1s Task queued: filler-25                                                                                 │
│● task      1s Task queued: filler-26                                                                                 │
│● task      1s Task queued: filler-27                                                                                 │
│● task      1s Task queued: filler-28                                                                                 │
│r mark all read  j/k scroll  esc back  rows 1-32 of 100                                                               │
╰──────────────────────────────────────────────────────────────────────────────────────────────────────────────────────╯
