╭📋  Log History────────────────────────────────────────────────────────────────────────────────────────────────────────╮
│╭📁  Not configured──────╮╭Logs [0] [ALL]─────────────────────────────────────────────────────────────────────────────╮│
││  No log files found   ││                              Select a log file to view logs                               ││
││                       ││                                                                                           ││
││                       ││                                                                                           ││
││                       ││                                                                                           ││
││                       ││                                                                                           ││
││                       ││                                                                                           ││
││                       ││                                                                                           ││
││                       ││                                                                                           ││
││                       ││                                                                                           ││
││                       ││                                                                                           ││
││                       ││                                                                                           ││
││                       ││                                                                                           ││
││                       ││                                                                                           ││
││                       ││                                                                                           ││
││                       ││                                                                                           ││
││                       ││                                                                                           ││
││                       ││                                                                                           ││
││                       ││                                                                                           ││
││                       ││                                                                                           ││
││                       ││                                                                                           ││
││                       ││                                                                                           ││
││                       ││                                                                                           ││
││                       ││                                                                                           ││
││                       ││                                                                                           ││
││                       ││                                                                                           ││
││                       ││                                                                                           ││
││                       ││                                                                                           ││
││                       ││                                                                                           ││
││                       ││                                                                                           ││
││                       ││                                                                                           ││
││                       ││                                                                                           ││
││                       ││                                                                                           ││
│╰───────────────────────╯╰───────────────────────────────────────────────────────────────────────────────────────────╯│
╰──────────────────────────────────────────────────────────────────────────────────────────────────────────────────────╯
