╭ ⬡ Witr unavailable ──────────────────────────────────────────────────────────────────────────────╮
│                                                                                                  │
│                          The `witr` plugin could not render this screen.                         │
│                                                                                                  │
│                         plugin spawn failed: witr exited with status 127                         │
│                                                                                                  │
│                If ainb was upgraded while this session was open, the plugin binary               │
│                 it was discovered from no longer exists. Quit and relaunch ainb.                 │
│                                                                                                  │
│       Logs: ~/.agents-in-a-box/logs/agents-in-a-box-*.jsonl - search `plugin spawn failed`.      │
│                                                                                                  │
│                                                                                                  │
│                                                                                                  │
│                                                                                                  │
│                                                                                                  │
│                                                                                                  │
│                                                                                                  │
│                                                                                                  │
│                                                                                                  │
│                                                                                                  │
│                                                                                                  │
│                                                                                                  │
│                                                                                                  │
╰──────────────────────────────────────────────────────────────────────────────────────────────────╯
