╭🔄  Sessions (0)─────────────────────────────────────╮╭📋  Session Details──────────────────────────────────────────────╮
│ Sessions (0)  │  Worktrees (0)  │  All (0)         ││Select an item to view details                                  │
│                                                    ││                                                                │
│                                                    ││                                                                │
│✓ No orphaned sessions found                        ││                                                                │
│                                                    ││                                                                │
│All items are either active or cleaned up.          ││                                                                │
│                                                    ││                                                                │
│                                                    ││                                                                │
│                                                    ││                                                                │
│                                                    ││                                                                │
│                                                    ││                                                                │
│                                                    ││                                                                │
│                                                    ││                                                                │
│                                                    ││                                                                │
│                                                    ││                                                                │
│                                                    ││                                                                │
│                                                    ││                                                                │
│                                                    ││                                                                │
│                                                    ││                                                                │
│                                                    ││                                                                │
│                                                    ││                                                                │
│                                                    ││                                                                │
│                                                    ││                                                                │
│                                                    ││                                                                │
│                                                    ││                                                                │
│                                                    ││                                                                │
│                                                    ││                                                                │
│                                                    ││                                                                │
│                                                    ││                                                                │
│                                                    ││                                                                │
│                                                    ││                                                                │
│                                                    ││                                                                │
│                                                    ││                                                                │
│                                                    ││                                                                │
╰/ filter | Tab view | r resume | d archive | R refre╯╰────────────────────────────────────────────────────────────────╯
