╭ Sources ─────────────────────╮╭ Units ───────────────────────────────────────────────────────────────────────────────╮
│(no sources configured)       ││  No units installed yet                                                              │
│                              ││                                                                                      │
│                              ││  Press [i] to add a source (e.g. gh:owner/repo)                                      │
│                              ││  Or press [m] again to refresh discovery                                             │
│                              ││                                                                                      │
│                              ││  [q] to return home                                                                  │
│                              ││                                                                                      │
│                              ││                                                                                      │
│                              ││                                                                                      │
│                              ││                                                                                      │
│                              ││                                                                                      │
│                              ││                                                                                      │
│                              ││                                                                                      │
│                              ││                                                                                      │
│                              ││                                                                                      │
│                              ││                                                                                      │
│                              ││                                                                                      │
│                              ││                                                                                      │
│                              ││                                                                                      │
│                              ││                                                                                      │
│                              ││                                                                                      │
│                              ││                                                                                      │
│                              ││                                                                                      │
│                              ││                                                                                      │
│                              ││                                                                                      │
╰──────────────────────────────╯╰──────────────────────────────────────────────────────────────────────────────────────╯
╭ Detail ──────────────────────────────────────────────────────────────────────────────────────────────────────────────╮
│(select a unit to see details)                                                                                        │
│                                                                                                                      │
│                                                                                                                      │
│                                                                                                                      │
│                                                                                                                      │
│                                                                                                                      │
╰──────────────────────────────────────────────────────────────────────────────────────────────────────────────────────╯
[Tab] focus  [[ ]] resize  [i]nstall  [u]pdate  [c]heck  [r]emove  [s]ync  [o]pen  [y] copy→lib  [L] mark-lib  [b]rowse
