---
source: crates/ainb-plugin-hangar/tests/autopilots_screen_snapshot.rs
expression: full
---
                                                                                            [a]dd [r]un [d]isable [e]dit
◷ Autopilots (3)                                                                                                    ⋯ +
────────────────────────────────────────────────────────────────────────────────────────────────────────────────────────
┏━━━━━━━━━━━━━━━━━━━━━━━━━━━━━━━━━━━━━━━━━━━━━━━━━━━━━━━━━━━━━━━━━━━━━━━━━━━━━━━━━━━━━━━━━━━━━━━━━━━━━━━━━━━━━━━━━━━━━━┓
┃daily-triage                                                                                                          ┃
┃0 9 * * 1-5 · v— · enabled · last completed                                                                           ┃
┃                                                                                                                      ┃
┃                                                                                                                      ┃
┗━━━━━━━━━━━━━━━━━━━━━━━━━━━━━━━━━━━━━━━━━━━━━━━━━━━━━━━━━━━━━━━━━━━━━━━━━━━━━━━━━━━━━━━━━━━━━━━━━━━━━━━━━━━━━━━━━━━━━━┛

╭──────────────────────────────────────────────────────────────────────────────────────────────────────────────────────╮
│nightly-clean                                                                                                         │
│0 2 * * * · v— · enabled · last completed                                                                             │
│                                                                                                                      │
│                                                                                                                      │
╰──────────────────────────────────────────────────────────────────────────────────────────────────────────────────────╯

╭──────────────────────────────────────────────────────────────────────────────────────────────────────────────────────╮
│weekly-report                                                                                                         │
│0 9 * * MON · v— · enabled · last skipped                                                                             │
│                                                                                                                      │
│                                                                                                                      │
╰──────────────────────────────────────────────────────────────────────────────────────────────────────────────────────╯

─ Recent runs (daily-triage) ───────────────────────────────────────────────────────────────────────────────────────────
(no runs yet)
