---
source: crates/ainb-plugin-hangar/tests/issue_board_snapshot.rs
expression: full
---

[All] [Members] [Agents] [Mine]                                                                                                                             ⬡⬡ 2 working
☰ Backlog (1)       ⋯ +│○ Todo (1)          ⋯ +│◔ In Progress (1)   ⋯ +│◑ In Review (1)     ⋯ +│● Done (1)          ⋯ +│⊘ Blocked (1)       ⋯ +│⨯ Cancelled (1)     ⋯ +
───────────────────────│───────────────────────│───────────────────────│───────────────────────│───────────────────────│───────────────────────│────────────────────────
┏━━━━━━━━━━━━━━━━━━━━━┓│╭─────────────────────╮│╭─────────────────────╮│╭─────────────────────╮│╭─────────────────────╮│╭─────────────────────╮│╭──────────────────────╮
┃HGR-1                ┃││HGR-2                │││HGR-3                │││HGR-4                │││HGR-5                │││HGR-6                │││HGR-7                 │
┃Issue i-backlog      ┃││Issue i-todo         │││Issue i-prog         │││Issue i-review       │││Issue i-done         │││Issue i-blocked      │││Issue i-cancelled     │
┃                     ┃││                     │││                     │││                     │││                     │││                     │││                      │
┃              ◔ alice┃││◆ Medium     ◔ claude│││◆ High          ◔ gpt│││◆ Urgent        ◔ bob│││                     │││◆ High        ◔ alice│││                      │
┗━━━━━━━━━━━━━━━━━━━━━┛│╰─────────────────────╯│╰─────────────────────╯│╰─────────────────────╯│╰─────────────────────╯│╰─────────────────────╯│╰──────────────────────╯
                       │                       │                       │                       │                       │                       │
                       │                       │                       │                       │                       │                       │
                       │                       │                       │                       │                       │                       │
                       │                       │                       │                       │                       │                       │
                       │                       │                       │                       │                       │                       │
                       │                       │                       │                       │                       │                       │
                       │                       │                       │                       │                       │                       │
                       │                       │                       │                       │                       │                       │
                       │                       │                       │                       │                       │                       │
                       │                       │                       │                       │                       │                       │
                       │                       │                       │                       │                       │                       │
                       │                       │                       │                       │                       │                       │
                       │                       │                       │                       │                       │                       │
