---
source: crates/ainb-plugin-hangar/tests/settings_notify_grid_snapshot.rs
assertion_line: 89
expression: map
---
  Daemon
    /tmp/hangar.sock · ● connected
      Auto-standup: ○ off  ·  [a] toggle
  Providers
  LLM Keys
  Workspaces
  Members
▶ Notifications
    scope: global · [g] toggle
                  phone   web     os      atc
    ›ask          [○]      ●       ●       ○
     error         ○       ○       ●       ○
     waiting       ○       ○       ○       ○
    ] [ kind · h/l channel · space toggle
  More screens
    off the tab strip, reach with ^P
    ^P skills     Skills
    ^P autopilots Autopilots
    ^P daemon     Daemon
    ^P usage      Usage
