---
source: crates/ainb-plugin-hangar/tests/skill_screen_snapshot.rs
expression: list_pane(&buf)
---
[All] [Used] [Unused] [Mine]
◆ Skills (3)            ⋯ +
────────────────────────────
┏━━━━━━━━━━━━━━━━━━━━━━━━━━┓
┃commit                    ┃
┃used                      ┃
┃                          ┃
┃                          ┃
┗━━━━━━━━━━━━━━━━━━━━━━━━━━┛

╭──────────────────────────╮
│find-missing-tests        │
│used                      │
│                          │
│                          │
╰──────────────────────────╯

╭──────────────────────────╮
│brainstorm                │
│unused                    │
│                          │
│                          │
╰──────────────────────────╯
