---
source: crates/ainb-plugin-hangar/tests/snapshot_boards.rs
expression: map
---
Board: Delivery   [1/1]   auto-move ON
New card title (Enter → repo, Esc cancel):1)⋯ +│◈ Running ↦running (⋯ +│◈ Failed ↦failed (1)⋯ +│◈ Done ↦done (1)    ⋯ +
> Refactor█────────────│───────────────────────│───────────────────────│───────────────────────│────────────────────────
┏━━━━━━━━━━━━━━━━━━━━━┓│╭─────────────────────╮│╭─────────────────────╮│╭─────────────────────╮│╭──────────────────────╮
┃#bk01                ┃││#q002                │││#r003                │││#f004                │││✓ #d005               │
┃Write the spec       ┃││Wire the RPC         │││Build the board      │││Flaky migration      │││Ship the tables       │
┃                     ┃││                     │││                     │││                     │││                      │
┃                     ┃││                     │││                     │││                     │││                      │
┗━━━━━━━━━━━━━━━━━━━━━┛│╰─────────────────────╯│╰─────────────────────╯│╰─────────────────────╯│╰──────────────────────╯
                       │                       │                       │                       │
                       │                       │                       │                       │
                       │                       │                       │                       │
                       │                       │                       │                       │
                       │                       │                       │                       │
                       │                       │                       │                       │
                       │                       │                       │                       │
                       │                       │                       │                       │
                       │                       │                       │                       │
                       │                       │                       │                       │
                       │                       │                       │                       │
