---
source: crates/ainb-plugin-hangar/tests/snapshot_kanban_layout.rs
expression: full
---
○ queued (2)              ⋯ +│◔ running (1)             ⋯ +│● done (1)                ⋯ +│✕ failed (2)              ⋯ +
─────────────────────────────│─────────────────────────────│─────────────────────────────│──────────────────────────────
┏━━━━━━━━━━━━━━━━━━━━━━━━━━━┓│╭───────────────────────────╮│╭───────────────────────────╮│╭────────────────────────────╮
┃#EUED01 · test             ┃││#NING03 · test             │││#NE0004 · test             │││#ILED05 · test              │
┃claude · 5m · queued       ┃││claude · 1m · running      │││claude · 3d · done         │││gpt · 10m · failed          │
┃                           ┃││                           │││                           │││                            │
┃                   ◔ claude┃││                   ◔ claude│││                   ◔ claude│││                       ◔ gpt│
┗━━━━━━━━━━━━━━━━━━━━━━━━━━━┛│╰───────────────────────────╯│╰───────────────────────────╯│╰────────────────────────────╯
                             │                             │                             │
╭───────────────────────────╮│                             │                             │╭────────────────────────────╮
│#PTCH02 · test             ││                             │                             ││#NCEL06 · test              │
│gpt · 2h · dispatched      ││                             │                             ││claude · 1h · cancelled     │
│                           ││                             │                             ││                            │
│                      ◔ gpt││                             │                             ││                    ◔ claude│
╰───────────────────────────╯│                             │                             │╰────────────────────────────╯
                             │                             │                             │
                             │                             │                             │
                             │                             │                             │
                             │                             │                             │
                             │                             │                             │
                             │                             │                             │
                             │                             │                             │
                             │                             │                             │
                             │                             │                             │
                             │                             │                             │
                             │                             │                             │
                             │                             │                             │
                             │                             │                             │
                             │                             │                             │
                             │                             │                             │
