---
source: crates/ainb-plugin-hangar/tests/snapshot_control_center.rs
expression: full
---
Control  · 20 sessions · 8 need you                                                 C control-center
▶ASK  proj-0       0s                     │proj-0 · ASK
 ASK  proj-1       1m                     │waiting for your input
 ASK  proj-2       2m                     │age 0s · hook · host
 ASK  proj-3       3m                     │
 ASK  proj-4       4m                     │LAST REPLY
 ASK  proj-5       5m                     │Ship change 0?
 ASK  proj-6       6m                     │
 ASK  proj-7       7m                     │TIMELINE
 ERR  api-0        0s                     │· raised 0s ago · ask_user_question
 ERR  api-1        2m                     │
 ERR  api-2        4m                     │OPTIONS
 ERR  api-3        6m                     │① staging
 ERR  api-4        8m                     │② prod
 ERR  api-5        10m                    │③ hold
 IDLE ui-0         0s                     │h/l option · enter/1-9 answer
 IDLE ui-1         5m                     │
 IDLE ui-2         10m                    │
 IDLE ui-3         15m                    │
 IDLE ui-4         20m                    │
 IDLE ui-5         25m                    │
                                          │
                                          │
                                          │
                                          │
                                          │
                                          │
                                          │
                                          │
                                          │
