---
source: crates/ainb-plugin-hangar/tests/snapshot_inbox.rs
expression: full
---
Inbox    (all) asks runs issues                                                              I inbox
┌ needs you ───────────────────────────────────────────────────────────────────────────────────────┐
│ ✓ nothing needs you                                                                              │
└──────────────────────────────────────────────────────────────────────────────────────────────────┘
┌ recent ──────────────────────────────────────────────────────────────────────────────────────────┐
│ no notifications                                                                                 │
│                                                                                                  │
│                                                                                                  │
│                                                                                                  │
│                                                                                                  │
│                                                                                                  │
│                                                                                                  │
│                                                                                                  │
│                                                                                                  │
│                                                                                                  │
│                                                                                                  │
│                                                                                                  │
│                                                                                                  │
│                                                                                                  │
│                                                                                                  │
│                                                                                                  │
│                                                                                                  │
│                                                                                                  │
└──────────────────────────────────────────────────────────────────────────────────────────────────┘
