---
source: crates/ainb-plugin-hangar/tests/snapshot_boards.rs
expression: map
---
Board: Delivery   [1/1]   auto-move ON
○ Todo (1)                                                                                                          ⋯ +
────────────────────────────────────────────────────────────────────────────────────────────────────────────────────────
┏━━━━━━━━━━━━━━━━━━━━━━━━━━━━━━━━━━━━━━━━━━━━━━━━━━━━━━━━━━━━━━━━━━━━━━━━━━━━━━━━━━━━━━━━━━━━━━━━━━━━━━━━━━━━━━━━━━━━━━┓
┃🔒 #dep01                                                                                                              ┃
┃Ship the migration 🔒[ock-1]                                                                                           ┃
┃                                                                                                                      ┃
┃                                                                                                                      ┃
┗━━━━━━━━━━━━━━━━━━━━━━━━━━━━━━━━━━━━━━━━━━━━━━━━━━━━━━━━━━━━━━━━━━━━━━━━━━━━━━━━━━━━━━━━━━━━━━━━━━━━━━━━━━━━━━━━━━━━━━┛
